cisco 2811 (MPC860) processor (revision 0x200) with 60416K/5120K bytes of memory

Readonly ROMMON initialized

program load complete, entry point: 0x8000f000, size: 0xc940
program load complete, entry point: 0x8000f000, size: 0xc940

program load complete, entry point: 0x8000f000, size: 0x3ed1338
Self decompressing the image :
########################################################################## [OK]
Smart Init is enabled
smart init is sizing iomem
ID              TYPE       MEMORY_REQ
0003E7          0X00474800 C2811 Mainboard
                0X0014B430 Onboard PVDM2 SIMM
                0X00264050 Onboard VPN
                0X000021B8 Onboard USB
00038E          0X0008BE00 Service Engine AIM
                0X002C29F0 public buffer pools
                0X00211000 public particle pools
-----------------------------------------------
TOTAL:          0X00D85628

If any of the above Memory Requirements are
"UNKNOWN", you may be using an unsupported
configuration or there is a software problem and
system operation may be compromised.
Rounded IOMEM up to: 14Mb.
Using 2 percent iomem. [14Mb/512Mb]

              Restricted Rights Legend

Use, duplication, or disclosure by the Government is
subject to restrictions as set forth in subparagraph
(c) of the Commercial Computer Software - Restricted
Rights clause at FAR sec. 52.227-19 and subparagraph
(c) (1) (ii) of the Rights in Technical Data and Computer
Software clause at DFARS sec. 252.227-7013.

           cisco Systems, Inc.
           170 West Tasman Drive
           San Jose, California 95134-1706

Cisco IOS Software, 2800 Software (C2800NM-ADVIPSERVICESK9-M), Version 15.1(4)M4
Technical Support: http://www.cisco.com/techsupport
Copyright (c) 1986-2012 by Cisco Systems, Inc.
Compiled Thurs 5-Jan-12 15:41 by pt_team
Image text-base: 0x2100F918, data-base: 0x24729040

This product contains cryptographic features and is subject to United
States and local country laws governing import, export, transfer and
use. Delivery of Cisco cryptographic products does not imply
third-party authority to import, export, distribute or use encryption.
Importers, exporters, distributors and users are responsible for
compliance with U.S. and local country laws. By using this product you
agree to comply with applicable laws and regulations. If you are unable
to comply with U.S. and local laws, return this product immediately.

A summary of U.S. laws governing Cisco cryptographic products may be found at:
http://www.cisco.com/wwl/export/crypto/tool/stqrg.html

If you require further assistance please contact us by sending email to
export@cisco.com.

cisco 2811 (MPC860) processor (revision 0x200) with 60416K/5120K bytes of memory
Processor board ID JAD05190MTZ (4292891495)
2 FastEthernet interface(s)
DRAM configuration is 64 bits wide with parity disabled.
255K bytes of non-volatile configuration memory.
249856K bytes of ATA System CompactFlash 0 (Read/Write)


         --- System Configuration Dialog ---

Would you like to enter the initial configuration dialog? [yes/no]: no


Press RETURN to get started!



Router>en
Router#conf t
Enter configuration commands, one per line.  End with CNTL/Z.
Router(config)#
Router(config)#do sh ip int br
Interface              IP-Address      OK? Method Status                Protocol 
FastEthernet0/0        unassigned      YES unset  administratively down down 
FastEthernet0/1        unassigned      YES unset  administratively down down 
Vlan1                  unassigned      YES unset  administratively down down
Router(config)#int loopback ?
  <0-2147483647>  Loopback interface number
Router(config)#int loopback 1

Router(config-if)#
%LINK-5-CHANGED: Interface Loopback1, changed state to up

%LINEPROTO-5-UPDOWN: Line protocol on Interface Loopback1, changed state to up

Router(config-if)#
Router(config-if)#ip add 1.1.1.1 255.255.255.0
Router(config-if)#
Router(config-if)#do sh ip int br
Interface              IP-Address      OK? Method Status                Protocol 
FastEthernet0/0        unassigned      YES unset  administratively down down 
FastEthernet0/1        unassigned      YES unset  administratively down down 
Loopback1              1.1.1.1         YES manual up                    up 
Vlan1                  unassigned      YES unset  administratively down down
Router(config-if)#








Router con0 is now available






Press RETURN to get started.













Router>en
Router#conf t
Enter configuration commands, one per line.  End with CNTL/Z.
Router(config)#do sh ip int br
Interface              IP-Address      OK? Method Status                Protocol 
FastEthernet0/0        unassigned      YES unset  administratively down down 
FastEthernet0/1        unassigned      YES unset  administratively down down 
Loopback1              1.1.1.1         YES manual up                    up 
Vlan1                  unassigned      YES unset  administratively down down
Router(config)#int l2

Router(config-if)#
%LINK-5-CHANGED: Interface Loopback2, changed state to up

%LINEPROTO-5-UPDOWN: Line protocol on Interface Loopback2, changed state to up

Router(config-if)#
Router(config-if)#ex
Router(config)#int l2
Router(config-if)#ip add 2.2.2.2 255.255.255.0
Router(config-if)#
Router(config-if)#do sh ip int br
Interface              IP-Address      OK? Method Status                Protocol 
FastEthernet0/0        unassigned      YES unset  administratively down down 
FastEthernet0/1        unassigned      YES unset  administratively down down 
Loopback1              1.1.1.1         YES manual up                    up 
Loopback2              2.2.2.2         YES manual up                    up 
Vlan1                  unassigned      YES unset  administratively down down
Router(config-if)#no int l2
Router(config)#
%LINK-5-CHANGED: Interface Loopback2, changed state to administratively down

%LINEPROTO-5-UPDOWN: Line protocol on Interface Loopback2, changed state to down

Router(config)#od sh ip int br
               ^
% Invalid input detected at '^' marker.
	
Router(config)#do sh ip int br
Interface              IP-Address      OK? Method Status                Protocol 
FastEthernet0/0        unassigned      YES unset  administratively down down 
FastEthernet0/1        unassigned      YES unset  administratively down down 
Loopback1              1.1.1.1         YES manual up                    up 
Vlan1                  unassigned      YES unset  administratively down down
Router(config)#no int l1
Router(config)#
%LINK-5-CHANGED: Interface Loopback1, changed state to administratively down

%LINEPROTO-5-UPDOWN: Line protocol on Interface Loopback1, changed state to down

Router(config)#do sh ip br
sh ip br
       ^
% Invalid input detected at '^' marker.
	
Router(config)#do sh ip int br
Interface              IP-Address      OK? Method Status                Protocol 
FastEthernet0/0        unassigned      YES unset  administratively down down 
FastEthernet0/1        unassigned      YES unset  administratively down down 
Vlan1                  unassigned      YES unset  administratively down down
Router(config)#
Router#
%SYS-5-CONFIG_I: Configured from console by console
